     1                                  section .data
     2                                  section .bss
     3 00000000 ??                      	savedByte	resb	1
     4                                  section .text
     5                                  global  _start 
     6                                  	_start:
     7                                  
     8 00000000 B001                    	mov		al,	00000001b
     9 00000002 880425[00000000]        	mov		[savedByte], al
    10                                  
    11 00000009 B081                    	mov		al,	10000001b
    12 0000000B 880425[00000000]        	mov		[savedByte], al
    13                                  
    14 00000012 B800000000              	mov		rax, 0
    15 00000017 4883E801                	sub		rax, 1
    16                                  
    17                                  
    18                                  
    19                                  
    20                                  
    21                                  
    22                                  
    23                                  
    24                                  
    25                                  
    26                                  
    27                                  
    28                                  	
    29 0000001B B83C000000              	mov		rax, 60					;60 = system exit
    30 00000020 BF00000000              	mov		rdi, 0					;0 = return code
    31 00000025 0F05                    	syscall							;Poke the kernel
    32                                  
    33                                  
    34                                  
    35                                  
    36                                  
    37                                  
    38                                  ;//	0 0 0 0 0 0 0 1 = 1 
    39                                  ;//	1 0 0 0 0 0 0 1 = 129 // traktuję to jako liczbę bez znaku 
    40                                  
    41                                  ;	// jak stworzyć liczbę ze znakiem? 
    42                                  ;	// 2's complement 
    43                                  
    44                                  ;	// 256 (maksymalny rozmiar byte) - wartosc 1 0 0 0 0 0 0 1 (129) = 127 i dodać minusa 
    45                                  	
    46                                  ;	1 0 0 0 0 0 0 1 = -127 
    47                                  
    48                                  ;	127 + 129 = 256 
    49                                  
    50                                  
    51                                  
