AARCH64 GAS  main.asm 			page 1


   1              	.section .data
   2 0000 48656C6C 	    msg: .ascii "Hello, ARM64!\n"
   2      6F2C2041 
   2      524D3634 
   2      210A
   3              	    len = . - msg
   4              	
   5 000e 00010000 	    dWordVar1:   .dword  0x100
   5      00000000 
   6 0016 00020000 	    dWordVar2:   .dword  0x200
   6      00000000 
   7              	
   8              	.section .bss
   9              	
  10              	.section .text
  11              	.global _start
  12              	
  13              	_start:
  14              	/* syscall write(int fd, const void *buf, size_t count) */
  15 0000 200080D2 	    mov x0, #1     
  16 0004 A1020058 	    ldr x1, =msg 
  17 0008 C2020058 	    ldr x2, =len 
  18 000c 08088052 	    mov w8, #64 
  19 0010 010000D4 	    svc #0
  20              	
  21              	    // adding literal values to register
  22 0014 800C80D2 	    mov     x0,     #100
  23 0018 011980D2 	    mov     x1,     #200
  24 001c 0000018B 	    add     x0,     x0,     x1
  25              	
  26 0020 800C80D2 	    mov     x0,     #100
  27 0024 00200391 	    add     x0,     x0,     #200
  28              	
  29 0028 00B004D1 	    sub     x0,     x0,     #300
  30 002c 000001CB 	    sub     x0,     x0,     x1
  31              	
  32              	    // loading value from memory
  33 0030 C3010058 	    ldr     x3,     =dWordVar1
  34 0034 600040F9 	    ldr     x0,     [x3]
  35              	
  36 0038 C3010058 	    ldr     x3,     =dWordVar2
  37 003c 610040F9 	    ldr     x1,     [x3]
  38              	    
  39              	    // ading value from memory
  40 0040 0000018B 	    add     x0,     x0,     x1
  41              	
  42              	    // there is not dec and inc in ARM 
  43              	
  44 0044 00008012 	    mov     w0,     #0xffffffff
  45 0048 00040011 	    add     w0,     w0,     #1
  46              	
  47              	
  48              	    
  49              	
  50              	
  51              	/* syscall exit(int status) */
  52 004c 000080D2 	    mov x0, #0 
AARCH64 GAS  main.asm 			page 2


  53 0050 A80B8052 	    mov w8, #93 
  54 0054 010000D4 	    svc #0
  55 0058 00000000 	
  55      00000000 
  55      0E000000 
  55      00000000 
  55      00000000 
AARCH64 GAS  main.asm 			page 3


DEFINED SYMBOLS
            main.asm:2      .data:0000000000000000 msg
            main.asm:3      *ABS*:000000000000000e len
            main.asm:5      .data:000000000000000e dWordVar1
            main.asm:6      .data:0000000000000016 dWordVar2
            main.asm:13     .text:0000000000000000 _start
            main.asm:15     .text:0000000000000000 $x
            main.asm:55     .text:0000000000000058 $d

NO UNDEFINED SYMBOLS
