     1                                  section .data
     2                                  section .bss
     3                                  section .text
     4                                  global  _start 
     5                                  	_start:
     6                                  	
     7                                  	
     8 00000000 BAFF010000              	mov		rdx,	 00000000000001ffh	; Upper half of our extended #1
     9 00000005 48C7C0FFFFFFFF          	mov		rax, 	0ffffffffffffffffh  ; Lower half of our extended #1
    10                                  	; jeśli pierwsza cyfra to litera to musi zaczac sie od zera
    11                                  
    12 0000000C BB00010000              	mov		rbx,	000000000000100h	; Upper half of extended #2
    13 00000011 B901000000              	mov		rcx,	000000000000001h	; Lower half of extended #2
    14                                  
    15 00000016 4801C8                  	add		rax,	rcx					; Add the lower #2 to lower #1, setting the carry flag 
    16 00000019 4811DA                  	adc 	rdx,	rbx					; Add the upper #2 to upper #2, including the carry 
    17                                  
    18 0000001C 4883E801                	sub		rax,	1h					; Sub from lower #1 
    19 00000020 4883DA00                	sbb		rdx,	0h					; Sub from upper half 0 and 1 from the carry flag 
    20                                  
    21                                  
    22                                  
    23                                  	
    24                                  	
    25                                  	
    26                                  	
    27 00000024 B83C000000              	mov		rax, 60					;60 = system exit
    28 00000029 BF00000000              	mov		rdi, 0					;0 = return code
    29 0000002E 0F05                    	syscall							;Poke the kernel
