     1                                  section .data
     2 00000000 9A999999999999B103-     	flot	dt	22.2
     2 00000009 40                 
     3                                  section .bss
     4 00000000 ????????                	result	resd	1
     5                                  section .text
     6                                  global  _start 
     7                                  _start:
     8                                  
     9 00000000 BA0C000000              	mov		edx,	12
    10 00000005 891425[00000000]        	mov		[result], edx
    11                                  
    12 0000000C 488B3C25[00000000]      	mov		rdi,	[result]
    13                                  
    14                                  
    15                                  
    16                                  
    17                                  
    18                                  
    19 00000014 B83C000000              	mov		rax, 60					;60 = system exit
    20 00000019 0F05                    	syscall							;Poke the kernel
