     1                                  section .data
     2                                  	; Integers 
     3 00000000 00                      	aByteVar	db	0h
     4 00000001 FFFF                    	aWordVar	dw	0ffffh
     5 00000003 78563412                	aDwordVar	dd 	012345678h
     6 00000007 4523018967452301        	aQwordVar 	dq	0123456789012345h
     7                                  
     8                                  	; Floating point numbers 
     9                                  
    10 0000000F 66E6F642                	aDwordFloat	dd	123.45	; single precision floating point 
    11 00000013 CDCCCCCCCCDC5E40        	aQwordFloat	dq	123.45 	; double precision floating point 
    12 0000001B 666666666666E6F605-     	aTwordFloat dt 	123.45 	; extended precision floating point (t - 10 bytes)
    12 00000024 40                 
    13                                  
    14                                  	; Character Variables 
    15 00000025 41                      	aChar	db	'A'
    16 00000026 68656C6C6F20746865-     	aString db 	"hello there, I'm piotrek", 0h
    16 0000002F 72652C2049276D2070-
    16 00000038 696F7472656B00     
    17 0000003F 50726F6772616D2065-     	aString2 db	"Program error - Try again", 0ah, 0dh, 0h
    17 00000048 72726F72202D205472-
    17 00000051 7920616761696E0A0D-
    17 0000005A 00                 
    18                                  
    19                                  	; Arrays 
    20 0000005B 0A141E2832              	byteArray	db	10,20,30,40,50
    21 00000060 6400C8002C019001F4-     	wordArray	dw	100, 200, 300, 400, 500	
    21 00000069 01                 
    22 0000006A E8030000D0070000B8-     	dwordArray	dd	1000, 2000, 3000, 4000, 5000
    22 00000073 0B0000A00F00008813-
    22 0000007C 0000               
    23 0000007E 102700000000000020-     	qwordArray	dq	10000, 20000, 30000, 40000, 22h, 'A'
    23 00000087 4E0000000000003075-
    23 00000090 000000000000409C00-
    23 00000099 000000000022000000-
    23 000000A2 000000004100000000-
    23 000000AB 000000             
    24 000000AE 414243                  	charArray	db	'A', 'B', 'C'
    25 000000B1 414243                  	charArray2 	db 	'ABC'
    26 000000B4 666666666666E6F605-     	floatArray 	dt	123.45, 645.23
    26 000000BD 40B81E85EB51B84EA1-
    26 000000C6 0840               
    27                                  
    28                                  	;Repeating Array Initializer 
    29 000000C8 99<rep 2710h>           	bigByteArray	times	10000	db	99h
    30 000027D8 00                      	bigByteArray2	db	0h 
    31 000027D9 00                      					db  0h
    32 000027DA 00                      					db  0h
    33                                  section .bss
    34                                  	; Integers 
    35 00000000 ??                      	aByteVar2	resb	1
    36 00000001 <res 28h>               	aWordVar2	resw	20	;Reserve 20 words or 40 bytes 
    37 00000029 ????????                	aDwordVar2	resd 	1
    38 0000002D ????????????????        	aQwordVar2	resq	1
    39                                  
    40                                  
    41                                  
    42                                  
    43                                  
    44                                  
    45                                  section .text
    46                                  ;Your program code goes here
    47                                  	global  _start 
    48                                  	_start:
    49                                  
    50 00000000 90                      	nop	
    51                                  	;Your program code should go here
    52                                  	
    53                                  
    54 00000001 90                      	nop
    55                                  	;Do not remove/change the lines below
    56                                  	;These exit out of the application and back
    57                                  	;to linux in an orderly fashion
    58 00000002 B83C000000              	mov		rax, 60					;60 = system exit
    59 00000007 BF00000000              	mov		rdi, 0					;0 = return code
    60 0000000C 0F05                    	syscall							;Poke the kernel
