     1                                  MY_CONSTANT1	equ		22h
     2                                  MY_ASCII_CONSTANT	equ	'A'
     3                                  section .data
     4                                  section .bss
     5                                  section .text
     6                                  global  _start 
     7                                  _start:
     8                                  	
     9 00000000 B822000000              	mov		rax,	MY_CONSTANT1
    10 00000005 B822000000              	mov		eax,	MY_CONSTANT1
    11 0000000A B022                    	mov		al,		MY_CONSTANT1
    12                                  	
    13                                  	
    14                                  	
    15                                  	
    16                                  	
    17                                  	
    18 0000000C B83C000000              	mov		rax, 60					;60 = system exit
    19 00000011 BF00000000              	mov		rdi, 0					;0 = return code
    20 00000016 0F05                    	syscall							;Poke the kernel
